...........................................................................................................................................................................................
----------------------------------------------------------------------
Ran 187 tests in 1.677s

OK
{
  "source": "C:\\Users\\Victor Cruz\\AppData\\Local\\hermes\\cache\\scratch\\mimo-tune\\dflash-cost-aware-candidate\\candidate",
  "collected": 187,
  "run": 187,
  "passed": 187,
  "failures": 0,
  "errors": 0,
  "skipped": 0,
  "by_class": {
    "BoundaryMatrixTests": 126,
    "CompatibilityTests": 48,
    "NativeBlockReservationTests": 13
  },
  "successful": true,
  "gpu_executed": false
}
