test_checkpoint_boundary_envelope_uses_cached_prefix_offset (__main__.Eligibility.test_checkpoint_boundary_envelope_uses_cached_prefix_offset) ... ok
test_ordinary_retained_round_reaches_policy_and_native_producer (__main__.Eligibility.test_ordinary_retained_round_reaches_policy_and_native_producer) ... ok
test_unproved_live_recurrent_state_and_lifecycle_fall_back (__main__.Eligibility.test_unproved_live_recurrent_state_and_lifecycle_fall_back) ... 
  test_unproved_live_recurrent_state_and_lifecycle_fall_back (__main__.Eligibility.test_unproved_live_recurrent_state_and_lifecycle_fall_back) (i=0) ... FAIL
  test_unproved_live_recurrent_state_and_lifecycle_fall_back (__main__.Eligibility.test_unproved_live_recurrent_state_and_lifecycle_fall_back) (i=1) ... FAIL
  test_unproved_live_recurrent_state_and_lifecycle_fall_back (__main__.Eligibility.test_unproved_live_recurrent_state_and_lifecycle_fall_back) (i=2) ... FAIL
  test_unproved_live_recurrent_state_and_lifecycle_fall_back (__main__.Eligibility.test_unproved_live_recurrent_state_and_lifecycle_fall_back) (i=3) ... FAIL
  test_unproved_live_recurrent_state_and_lifecycle_fall_back (__main__.Eligibility.test_unproved_live_recurrent_state_and_lifecycle_fall_back) (i=4) ... FAIL
  test_unproved_live_recurrent_state_and_lifecycle_fall_back (__main__.Eligibility.test_unproved_live_recurrent_state_and_lifecycle_fall_back) (i=5) ... FAIL
  test_unproved_live_recurrent_state_and_lifecycle_fall_back (__main__.Eligibility.test_unproved_live_recurrent_state_and_lifecycle_fall_back) (i=6) ... FAIL
  test_unproved_live_recurrent_state_and_lifecycle_fall_back (__main__.Eligibility.test_unproved_live_recurrent_state_and_lifecycle_fall_back) (i=7) ... FAIL
  test_unproved_live_recurrent_state_and_lifecycle_fall_back (__main__.Eligibility.test_unproved_live_recurrent_state_and_lifecycle_fall_back) (i=8) ... FAIL
  test_unproved_live_recurrent_state_and_lifecycle_fall_back (__main__.Eligibility.test_unproved_live_recurrent_state_and_lifecycle_fall_back) (i=9) ... FAIL
test_other_recurrence_or_unproved_configuration_rejected (__main__.Initialization.test_other_recurrence_or_unproved_configuration_rejected) ... ok
test_retained_config_enabled (__main__.Initialization.test_retained_config_enabled) ... ok
test_retained_default_off (__main__.Initialization.test_retained_default_off) ... ok

======================================================================
FAIL: test_unproved_live_recurrent_state_and_lifecycle_fall_back (__main__.Eligibility.test_unproved_live_recurrent_state_and_lifecycle_fall_back) (i=0)
----------------------------------------------------------------------
Traceback (most recent call last):
  File "C:\Users\Victor Cruz\AppData\Local\hermes\cache\scratch\mimo-tune\dflash-cost-aware-recurrent-repair\test_recurrent.py", line 54, in test_unproved_live_recurrent_state_and_lifecycle_fall_back
    self.assertIsNone(g.dflash_cost_policy.select(g,h.scores(),7))
AssertionError: 7 is not None

======================================================================
FAIL: test_unproved_live_recurrent_state_and_lifecycle_fall_back (__main__.Eligibility.test_unproved_live_recurrent_state_and_lifecycle_fall_back) (i=1)
----------------------------------------------------------------------
Traceback (most recent call last):
  File "C:\Users\Victor Cruz\AppData\Local\hermes\cache\scratch\mimo-tune\dflash-cost-aware-recurrent-repair\test_recurrent.py", line 54, in test_unproved_live_recurrent_state_and_lifecycle_fall_back
    self.assertIsNone(g.dflash_cost_policy.select(g,h.scores(),7))
AssertionError: 7 is not None

======================================================================
FAIL: test_unproved_live_recurrent_state_and_lifecycle_fall_back (__main__.Eligibility.test_unproved_live_recurrent_state_and_lifecycle_fall_back) (i=2)
----------------------------------------------------------------------
Traceback (most recent call last):
  File "C:\Users\Victor Cruz\AppData\Local\hermes\cache\scratch\mimo-tune\dflash-cost-aware-recurrent-repair\test_recurrent.py", line 54, in test_unproved_live_recurrent_state_and_lifecycle_fall_back
    self.assertIsNone(g.dflash_cost_policy.select(g,h.scores(),7))
AssertionError: 7 is not None

======================================================================
FAIL: test_unproved_live_recurrent_state_and_lifecycle_fall_back (__main__.Eligibility.test_unproved_live_recurrent_state_and_lifecycle_fall_back) (i=3)
----------------------------------------------------------------------
Traceback (most recent call last):
  File "C:\Users\Victor Cruz\AppData\Local\hermes\cache\scratch\mimo-tune\dflash-cost-aware-recurrent-repair\test_recurrent.py", line 54, in test_unproved_live_recurrent_state_and_lifecycle_fall_back
    self.assertIsNone(g.dflash_cost_policy.select(g,h.scores(),7))
AssertionError: 7 is not None

======================================================================
FAIL: test_unproved_live_recurrent_state_and_lifecycle_fall_back (__main__.Eligibility.test_unproved_live_recurrent_state_and_lifecycle_fall_back) (i=4)
----------------------------------------------------------------------
Traceback (most recent call last):
  File "C:\Users\Victor Cruz\AppData\Local\hermes\cache\scratch\mimo-tune\dflash-cost-aware-recurrent-repair\test_recurrent.py", line 54, in test_unproved_live_recurrent_state_and_lifecycle_fall_back
    self.assertIsNone(g.dflash_cost_policy.select(g,h.scores(),7))
AssertionError: 7 is not None

======================================================================
FAIL: test_unproved_live_recurrent_state_and_lifecycle_fall_back (__main__.Eligibility.test_unproved_live_recurrent_state_and_lifecycle_fall_back) (i=5)
----------------------------------------------------------------------
Traceback (most recent call last):
  File "C:\Users\Victor Cruz\AppData\Local\hermes\cache\scratch\mimo-tune\dflash-cost-aware-recurrent-repair\test_recurrent.py", line 54, in test_unproved_live_recurrent_state_and_lifecycle_fall_back
    self.assertIsNone(g.dflash_cost_policy.select(g,h.scores(),7))
AssertionError: 7 is not None

======================================================================
FAIL: test_unproved_live_recurrent_state_and_lifecycle_fall_back (__main__.Eligibility.test_unproved_live_recurrent_state_and_lifecycle_fall_back) (i=6)
----------------------------------------------------------------------
Traceback (most recent call last):
  File "C:\Users\Victor Cruz\AppData\Local\hermes\cache\scratch\mimo-tune\dflash-cost-aware-recurrent-repair\test_recurrent.py", line 54, in test_unproved_live_recurrent_state_and_lifecycle_fall_back
    self.assertIsNone(g.dflash_cost_policy.select(g,h.scores(),7))
AssertionError: 7 is not None

======================================================================
FAIL: test_unproved_live_recurrent_state_and_lifecycle_fall_back (__main__.Eligibility.test_unproved_live_recurrent_state_and_lifecycle_fall_back) (i=7)
----------------------------------------------------------------------
Traceback (most recent call last):
  File "C:\Users\Victor Cruz\AppData\Local\hermes\cache\scratch\mimo-tune\dflash-cost-aware-recurrent-repair\test_recurrent.py", line 54, in test_unproved_live_recurrent_state_and_lifecycle_fall_back
    self.assertIsNone(g.dflash_cost_policy.select(g,h.scores(),7))
AssertionError: 7 is not None

======================================================================
FAIL: test_unproved_live_recurrent_state_and_lifecycle_fall_back (__main__.Eligibility.test_unproved_live_recurrent_state_and_lifecycle_fall_back) (i=8)
----------------------------------------------------------------------
Traceback (most recent call last):
  File "C:\Users\Victor Cruz\AppData\Local\hermes\cache\scratch\mimo-tune\dflash-cost-aware-recurrent-repair\test_recurrent.py", line 54, in test_unproved_live_recurrent_state_and_lifecycle_fall_back
    self.assertIsNone(g.dflash_cost_policy.select(g,h.scores(),7))
AssertionError: 7 is not None

======================================================================
FAIL: test_unproved_live_recurrent_state_and_lifecycle_fall_back (__main__.Eligibility.test_unproved_live_recurrent_state_and_lifecycle_fall_back) (i=9)
----------------------------------------------------------------------
Traceback (most recent call last):
  File "C:\Users\Victor Cruz\AppData\Local\hermes\cache\scratch\mimo-tune\dflash-cost-aware-recurrent-repair\test_recurrent.py", line 54, in test_unproved_live_recurrent_state_and_lifecycle_fall_back
    self.assertIsNone(g.dflash_cost_policy.select(g,h.scores(),7))
AssertionError: 7 is not None

----------------------------------------------------------------------
Ran 6 tests in 0.789s

FAILED (failures=10)
