test_checkpoint_boundary_envelope_uses_cached_prefix_offset (__main__.Eligibility.test_checkpoint_boundary_envelope_uses_cached_prefix_offset) ... 
  test_checkpoint_boundary_envelope_uses_cached_prefix_offset (__main__.Eligibility.test_checkpoint_boundary_envelope_uses_cached_prefix_offset) (cached_pages=0, delta=-8) ... FAIL
  test_checkpoint_boundary_envelope_uses_cached_prefix_offset (__main__.Eligibility.test_checkpoint_boundary_envelope_uses_cached_prefix_offset) (cached_pages=0, delta=-7) ... FAIL
  test_checkpoint_boundary_envelope_uses_cached_prefix_offset (__main__.Eligibility.test_checkpoint_boundary_envelope_uses_cached_prefix_offset) (cached_pages=0, delta=-1) ... FAIL
  test_checkpoint_boundary_envelope_uses_cached_prefix_offset (__main__.Eligibility.test_checkpoint_boundary_envelope_uses_cached_prefix_offset) (cached_pages=0, delta=0) ... FAIL
  test_checkpoint_boundary_envelope_uses_cached_prefix_offset (__main__.Eligibility.test_checkpoint_boundary_envelope_uses_cached_prefix_offset) (cached_pages=1, delta=-8) ... FAIL
  test_checkpoint_boundary_envelope_uses_cached_prefix_offset (__main__.Eligibility.test_checkpoint_boundary_envelope_uses_cached_prefix_offset) (cached_pages=1, delta=-7) ... FAIL
  test_checkpoint_boundary_envelope_uses_cached_prefix_offset (__main__.Eligibility.test_checkpoint_boundary_envelope_uses_cached_prefix_offset) (cached_pages=1, delta=-1) ... FAIL
  test_checkpoint_boundary_envelope_uses_cached_prefix_offset (__main__.Eligibility.test_checkpoint_boundary_envelope_uses_cached_prefix_offset) (cached_pages=1, delta=0) ... FAIL
test_ordinary_retained_round_reaches_policy_and_native_producer (__main__.Eligibility.test_ordinary_retained_round_reaches_policy_and_native_producer) ... ok
test_other_recurrence_or_unproved_configuration_rejected (__main__.Initialization.test_other_recurrence_or_unproved_configuration_rejected) ... ok
test_retained_config_enabled (__main__.Initialization.test_retained_config_enabled) ... ok
test_retained_default_off (__main__.Initialization.test_retained_default_off) ... ok

======================================================================
FAIL: test_checkpoint_boundary_envelope_uses_cached_prefix_offset (__main__.Eligibility.test_checkpoint_boundary_envelope_uses_cached_prefix_offset) (cached_pages=0, delta=-8)
----------------------------------------------------------------------
Traceback (most recent call last):
  File "C:\Users\Victor Cruz\AppData\Local\hermes\cache\scratch\mimo-tune\dflash-cost-aware-recurrent-repair\test_recurrent.py", line 55, in test_checkpoint_boundary_envelope_uses_cached_prefix_offset
    self.assertEqual(choice is None,expected_fallback)
AssertionError: False != True

======================================================================
FAIL: test_checkpoint_boundary_envelope_uses_cached_prefix_offset (__main__.Eligibility.test_checkpoint_boundary_envelope_uses_cached_prefix_offset) (cached_pages=0, delta=-7)
----------------------------------------------------------------------
Traceback (most recent call last):
  File "C:\Users\Victor Cruz\AppData\Local\hermes\cache\scratch\mimo-tune\dflash-cost-aware-recurrent-repair\test_recurrent.py", line 55, in test_checkpoint_boundary_envelope_uses_cached_prefix_offset
    self.assertEqual(choice is None,expected_fallback)
AssertionError: False != True

======================================================================
FAIL: test_checkpoint_boundary_envelope_uses_cached_prefix_offset (__main__.Eligibility.test_checkpoint_boundary_envelope_uses_cached_prefix_offset) (cached_pages=0, delta=-1)
----------------------------------------------------------------------
Traceback (most recent call last):
  File "C:\Users\Victor Cruz\AppData\Local\hermes\cache\scratch\mimo-tune\dflash-cost-aware-recurrent-repair\test_recurrent.py", line 55, in test_checkpoint_boundary_envelope_uses_cached_prefix_offset
    self.assertEqual(choice is None,expected_fallback)
AssertionError: False != True

======================================================================
FAIL: test_checkpoint_boundary_envelope_uses_cached_prefix_offset (__main__.Eligibility.test_checkpoint_boundary_envelope_uses_cached_prefix_offset) (cached_pages=0, delta=0)
----------------------------------------------------------------------
Traceback (most recent call last):
  File "C:\Users\Victor Cruz\AppData\Local\hermes\cache\scratch\mimo-tune\dflash-cost-aware-recurrent-repair\test_recurrent.py", line 55, in test_checkpoint_boundary_envelope_uses_cached_prefix_offset
    self.assertEqual(choice is None,expected_fallback)
AssertionError: False != True

======================================================================
FAIL: test_checkpoint_boundary_envelope_uses_cached_prefix_offset (__main__.Eligibility.test_checkpoint_boundary_envelope_uses_cached_prefix_offset) (cached_pages=1, delta=-8)
----------------------------------------------------------------------
Traceback (most recent call last):
  File "C:\Users\Victor Cruz\AppData\Local\hermes\cache\scratch\mimo-tune\dflash-cost-aware-recurrent-repair\test_recurrent.py", line 55, in test_checkpoint_boundary_envelope_uses_cached_prefix_offset
    self.assertEqual(choice is None,expected_fallback)
AssertionError: False != True

======================================================================
FAIL: test_checkpoint_boundary_envelope_uses_cached_prefix_offset (__main__.Eligibility.test_checkpoint_boundary_envelope_uses_cached_prefix_offset) (cached_pages=1, delta=-7)
----------------------------------------------------------------------
Traceback (most recent call last):
  File "C:\Users\Victor Cruz\AppData\Local\hermes\cache\scratch\mimo-tune\dflash-cost-aware-recurrent-repair\test_recurrent.py", line 55, in test_checkpoint_boundary_envelope_uses_cached_prefix_offset
    self.assertEqual(choice is None,expected_fallback)
AssertionError: False != True

======================================================================
FAIL: test_checkpoint_boundary_envelope_uses_cached_prefix_offset (__main__.Eligibility.test_checkpoint_boundary_envelope_uses_cached_prefix_offset) (cached_pages=1, delta=-1)
----------------------------------------------------------------------
Traceback (most recent call last):
  File "C:\Users\Victor Cruz\AppData\Local\hermes\cache\scratch\mimo-tune\dflash-cost-aware-recurrent-repair\test_recurrent.py", line 55, in test_checkpoint_boundary_envelope_uses_cached_prefix_offset
    self.assertEqual(choice is None,expected_fallback)
AssertionError: False != True

======================================================================
FAIL: test_checkpoint_boundary_envelope_uses_cached_prefix_offset (__main__.Eligibility.test_checkpoint_boundary_envelope_uses_cached_prefix_offset) (cached_pages=1, delta=0)
----------------------------------------------------------------------
Traceback (most recent call last):
  File "C:\Users\Victor Cruz\AppData\Local\hermes\cache\scratch\mimo-tune\dflash-cost-aware-recurrent-repair\test_recurrent.py", line 55, in test_checkpoint_boundary_envelope_uses_cached_prefix_offset
    self.assertEqual(choice is None,expected_fallback)
AssertionError: False != True

----------------------------------------------------------------------
Ran 5 tests in 0.455s

FAILED (failures=8)
